
Memory Configuration

Name             Origin             Length             Attributes
ram              0x20000000         0x00010000         xrw
*default*        0x00000000         0xffffffff

Linker script and memory map

LOAD ./gpio.o
LOAD ./main.o

.text           0x20000000       0xb2
 *(.int_vector)
 .int_vector    0x20000000        0x8 ./main.o
                0x20000000                _start
 *(.text*)
 .text          0x20000008       0x5c ./gpio.o
                0x20000008                initGPIO
                0x20000048                setGPIO
 .text          0x20000064       0x4e ./main.o
                0x200000b2                end = .
OUTPUT(Lab2 elf32-littlearm)

.data           0x200000b2        0x0
 .data          0x200000b2        0x0 ./gpio.o
 .data          0x200000b2        0x0 ./main.o

.glue_7         0x200000b4        0x0 load address 0x200000b2
 .glue_7        0x00000000        0x0 linker stubs

.glue_7t        0x200000b4        0x0 load address 0x200000b2
 .glue_7t       0x00000000        0x0 linker stubs

.vfp11_veneer   0x200000b4        0x0 load address 0x200000b2
 .vfp11_veneer  0x00000000        0x0 linker stubs

.v4_bx          0x200000b4        0x0 load address 0x200000b2
 .v4_bx         0x00000000        0x0 linker stubs

.bss            0x200000b2        0x0
 .bss           0x200000b2        0x0 ./gpio.o
 .bss           0x200000b2        0x0 ./main.o

.ARM.attributes
                0x00000000       0x21
 .ARM.attributes
                0x00000000       0x21 ./gpio.o
 .ARM.attributes
                0x00000021       0x21 ./main.o

.debug_line     0x00000000       0x9c
 .debug_line    0x00000000       0x4d ./gpio.o
 .debug_line    0x0000004d       0x4f ./main.o

.debug_info     0x00000000       0xae
 .debug_info    0x00000000       0x57 ./gpio.o
 .debug_info    0x00000057       0x57 ./main.o

.debug_abbrev   0x00000000       0x28
 .debug_abbrev  0x00000000       0x14 ./gpio.o
 .debug_abbrev  0x00000014       0x14 ./main.o

.debug_aranges  0x00000000       0x40
 .debug_aranges
                0x00000000       0x20 ./gpio.o
 .debug_aranges
                0x00000020       0x20 ./main.o
