
Memory Configuration

Name             Origin             Length             Attributes
ram              0x20000000         0x00010000         xrw
*default*        0x00000000         0xffffffff

Linker script and memory map

LOAD ./main.o
LOAD ./startup.o
                0x20000000                RAM_START_ADDRESS = 0x20000000
                0x00010000                RAM_SIZE = 0x10000
                0x00002000                MAIN_STACK_SIZE = 0x2000
                0x20010000                __main_stack_start = (RAM_START_ADDRESS + RAM_SIZE)
                0x20010000                STACK_TOP = __main_stack_start

.text           0x20000000       0x74
 *(.int_vector)
 .int_vector    0x20000000       0x18 ./startup.o
                0x20000000                intVectors
                0x20000010                Reset_Handler
                0x20000014                NMI_Handler
                0x20000016                HardFault_Handler
 *(.text*)
 .text          0x20000018       0x5c ./main.o
                0x20000018                main
 .text          0x20000074        0x0 ./startup.o

.data           0x20000074        0x0
 .data          0x20000074        0x0 ./main.o
 .data          0x20000074        0x0 ./startup.o

.glue_7         0x20000074        0x0
 .glue_7        0x00000000        0x0 linker stubs

.glue_7t        0x20000074        0x0
 .glue_7t       0x00000000        0x0 linker stubs

.vfp11_veneer   0x20000074        0x0
 .vfp11_veneer  0x00000000        0x0 linker stubs

.v4_bx          0x20000074        0x0
 .v4_bx         0x00000000        0x0 linker stubs

.bss            0x20000074        0x0
 .bss           0x20000074        0x0 ./main.o
 .bss           0x20000074        0x0 ./startup.o

.stack          0x20000074     0x2000
                0x20000074                . = ALIGN (0x4)
                0x20002074                . = (. + MAIN_STACK_SIZE)
 *fill*         0x20000074     0x2000 00
                0x20002074                end = .
OUTPUT(test elf32-littlearm)

.ARM.attributes
                0x00000000       0x21
 .ARM.attributes
                0x00000000       0x21 ./main.o
 .ARM.attributes
                0x00000021       0x21 ./startup.o

.debug_line     0x00000000       0x91
 .debug_line    0x00000000       0x53 ./main.o
 .debug_line    0x00000053       0x3e ./startup.o

.debug_info     0x00000000       0xb1
 .debug_info    0x00000000       0x57 ./main.o
 .debug_info    0x00000057       0x5a ./startup.o

.debug_abbrev   0x00000000       0x28
 .debug_abbrev  0x00000000       0x14 ./main.o
 .debug_abbrev  0x00000014       0x14 ./startup.o

.debug_aranges  0x00000000       0x40
 .debug_aranges
                0x00000000       0x20 ./main.o
 .debug_aranges
                0x00000020       0x20 ./startup.o
