Actel Designer Software
Version: 10.1.0.14
Release: v10.1

Info: The design ledreg.adb was last modified by software version 10.1.0.14.
Opened an existing Libero design ledreg.adb.
'BA_NAME' set to 'ledreg_ba'
'IDE_DESIGNERVIEW_NAME' set to 'Impl1'
'IDE_DESIGNERVIEW_COUNT' set to '1'
'IDE_DESIGNERVIEW_REV0' set to 'Impl1'
'IDE_DESIGNERVIEW_REVNUM0' set to '1'
'IDE_DESIGNERVIEW_ROOTDIR' set to 'C:\Users\Kyler\Dropbox\ECE 5780\Lab3\Lab3\designer'
'IDE_DESIGNERVIEW_LASTREV' set to '1'
Wrote timing report to file: ledreg_maxdelay_timing_report.txt

The Report command succeeded ( 00:00:03 )
Wrote timing report to file: ledreg_mindelay_timing_report.txt

The Report command succeeded ( 00:00:00 )
Wrote timing_violations report to file: ledreg_maxdelay_timingviolations_report.txt

The Report command succeeded ( 00:00:00 )
Wrote timing_violations report to file: ledreg_mindelay_timingviolations_report.txt

The Report command succeeded ( 00:00:00 )
Design saved to file C:\Users\Kyler\Dropbox\ECE 5780\Lab3\Lab3\designer\impl1\ledreg.adb.

The Execute Script command succeeded ( 00:00:04 )
Design closed.

